// Jest Snapshot v1, https://goo.gl/fbAQLP

exports[`Fixture renders 1`] = `
<DocumentFragment>
  <div
    class="undefined undefined"
  >
    <div>
      <span>
         Regions Cup: 
      </span>
      <span>
        RiPS 8
      </span>
       - 
      <span>
        0 Kullervo/Überkleber
      </span>
    </div>
    <div>
      klo 15:00 
      <span>
        Riihimäki Keskuskenttä TN
      </span>
    </div>
  </div>
</DocumentFragment>
`;

exports[`Fixture renders with only required props defined 1`] = `
<DocumentFragment>
  <div
    class="undefined undefined"
  >
    <div>
      <span>
         Regions Cup: 
      </span>
      <span>
        RiPS 8
      </span>
       - 
      <span>
        0 Kullervo/Überkleber
      </span>
    </div>
    <div>
      klo 15:00 
      <span>
        Riihimäki Keskuskenttä TN
      </span>
    </div>
  </div>
</DocumentFragment>
`;
