// Jest Snapshot v1, https://goo.gl/fbAQLP

exports[`FixturesList renders 1`] = `
<DocumentFragment>
  <div>
    <div
      class="root"
    >
      <div
        class="option"
      >
        <label
          for="filter_competitions_Regions Cup"
        >
          <input
            id="filter_competitions_Regions Cup"
            type="checkbox"
          />
          Regions Cup
        </label>
      </div>
    </div>
    <div
      class="root"
    >
      <div
        class="option"
      >
        <label
          for="filter_competitions_Näytä vain tulevat ottelut"
        >
          <input
            id="filter_competitions_Näytä vain tulevat ottelut"
            type="checkbox"
          />
          Näytä vain tulevat ottelut
        </label>
      </div>
    </div>
    <div
      class="root completed"
    >
      <div
        class="day"
      >
        <div
          class="weekday"
        >
          su
        </div>
        <div
          class="date"
        >
          15.04
        </div>
      </div>
    </div>
    <div
      class="fixture completed"
    >
      <div
        class="subject"
      >
        <span
          class="competition"
        >
           Regions Cup: 
        </span>
        <span
          class="winner"
        >
          RiPS 8
        </span>
         - 
        <span>
          0 Kullervo/Überkleber
        </span>
      </div>
      <div
        class="info"
      >
        klo 15:00 
        <span
          class="location"
        >
          Riihimäki Keskuskenttä TN
        </span>
      </div>
    </div>
  </div>
</DocumentFragment>
`;

exports[`FixturesList renders with undefined fixtures 1`] = `
<DocumentFragment>
  <div>
    <div
      class="root"
    >
      <div
        class="option"
      >
        <label
          for="filter_competitions_Regions Cup"
        >
          <input
            id="filter_competitions_Regions Cup"
            type="checkbox"
          />
          Regions Cup
        </label>
      </div>
    </div>
    <div
      class="root"
    >
      <div
        class="option"
      >
        <label
          for="filter_competitions_Näytä vain tulevat ottelut"
        >
          <input
            id="filter_competitions_Näytä vain tulevat ottelut"
            type="checkbox"
          />
          Näytä vain tulevat ottelut
        </label>
      </div>
    </div>
    <div
      class="root completed"
    >
      <div
        class="day"
      >
        <div
          class="weekday"
        >
          su
        </div>
        <div
          class="date"
        >
          15.04
        </div>
      </div>
    </div>
    <div
      class="fixture completed"
    >
      <div
        class="subject"
      >
        <span
          class="competition"
        >
           Regions Cup: 
        </span>
        <span
          class="winner"
        >
          RiPS 8
        </span>
         - 
        <span>
          0 Kullervo/Überkleber
        </span>
      </div>
      <div
        class="info"
      >
        klo 15:00 
        <span
          class="location"
        >
          Riihimäki Keskuskenttä TN
        </span>
      </div>
    </div>
  </div>
</DocumentFragment>
`;
